==============================================================================
Suites                                                                        
==============================================================================
Suites.Sinamope8 :: Casos de Prueba Proyecto SINAMOPE                         
==============================================================================
CC001 SINAMOPE (SISTEMA SINAMOPE)(DESCARGAR REPORTE PDF) :: PRUEBA... | FAIL |
Execution terminated by signal
------------------------------------------------------------------------------
Suites.Sinamope8 :: Casos de Prueba Proyecto SINAMOPE                 | FAIL |
1 critical test, 0 passed, 1 failed
1 test total, 0 passed, 1 failed
==============================================================================
Suites                                                                | FAIL |
1 critical test, 0 passed, 1 failed
1 test total, 0 passed, 1 failed
==============================================================================
Output:  C:\TEST_SINAMOPE\test\resultados_sinamope\pabot_results\Suites.Sinamope8\output.xml
