==============================================================================
Suites                                                                        
==============================================================================
Suites.Sinamope3 :: Casos de Prueba Proyecto SINAMOPE                         
==============================================================================
CC001 SINAMOPE (SISTEMA SINAMOPE)(DESCARGAR REPORTE PDF) :: PRUEBA... | PASS |
------------------------------------------------------------------------------
Suites.Sinamope3 :: Casos de Prueba Proyecto SINAMOPE                 | PASS |
1 critical test, 1 passed, 0 failed
1 test total, 1 passed, 0 failed
==============================================================================
Suites                                                                | PASS |
1 critical test, 1 passed, 0 failed
1 test total, 1 passed, 0 failed
==============================================================================
Output:  C:\TEST_SINAMOPE\test\resultados_sinamope\pabot_results\Suites.Sinamope3\output.xml
